// Jest Snapshot v1, https://goo.gl/fbAQLP

exports[`Button render with snapshot 1`] = `
<DocumentFragment>
  <button
    class="MuiButton-root MuiButton-contained MuiButton-containedPrimary MuiButton-sizeMedium MuiButton-containedSizeMedium MuiButtonBase-root  css-sghohy-MuiButtonBase-root-MuiButton-root"
    tabindex="0"
    type="submit"
  >
    click
    <span
      class="MuiTouchRipple-root css-8je8zh-MuiTouchRipple-root"
    />
  </button>
</DocumentFragment>
`;
